// Jest Snapshot v1, https://goo.gl/fbAQLP

exports[`The header  should renders  snapshot 1`] = `
<nav
  className="navigation-bar row"
>
  <div
    className="col-md-10"
  >
    <a
      className="logo col-md-6"
      href="/"
    >
      <i
        className="fab fa-500px fa-2x logo-color"
      />
    </a>
  </div>
  <div
    className="col-md-2 navigation-bar__profile"
  >
    <div>
      <div
        className="dropdown"
      >
        <a
          className="dropbtn"
        >
          Profile
          <i
            className="fa fa-caret-down"
          />
        </a>
        <div
          className="dropdown-content"
        />
      </div>
    </div>
  </div>
</nav>
`;
